// Jest Snapshot v1, https://goo.gl/fbAQLP

exports[`scripts/import-open-api should parse correctly petstore-expanded.yaml 1`] = `
"/* Generated by restful-react */

import qs from \\"qs\\";
import React from \\"react\\";
import { Get, GetProps, Mutate, MutateProps } from \\"restful-react\\";

export type Omit<T, K extends keyof T> = Pick<T, Exclude<keyof T, K>>;

export type Pet = NewPet & {id: number};

export interface NewPet {name: string; tag?: string}

export interface Error {code: number; message: string}

export type FindPetsProps = Omit<GetProps<Pet[], Error>, \\"path\\"> & {tags?: string[]; limit?: number};


export const FindPets = ({tags, limit, ...props}: FindPetsProps) => (
  <Get<Pet[], Error>
    path={\`/pets?\${qs.stringify({tags, limit})}\`}
    base=\\"http://localhost\\"
    {...props}
  />
);


export type AddPetProps = Omit<MutateProps<Error, Pet, NewPet>, \\"path\\" | \\"verb\\">;


export const AddPet = (props: AddPetProps) => (
  <Mutate<Error, Pet, NewPet>
    verb=\\"POST\\"
    path={\`/pets\`}
    base=\\"http://localhost\\"
    {...props}
  />
);


export type FindPetByIdProps = Omit<GetProps<Pet, Error>, \\"path\\"> & {id: number};


export const FindPetById = ({id, ...props}: FindPetByIdProps) => (
  <Get<Pet, Error>
    path={\`/pets/\${id}\`}
    base=\\"http://localhost\\"
    {...props}
  />
);


export type DeletePetProps = Omit<MutateProps<Error, void, void>, \\"path\\" | \\"verb\\"> & {id: number};


export const DeletePet = ({id, ...props}: DeletePetProps) => (
  <Mutate<Error, void, void>
    verb=\\"DELETE\\"
    path={\`/pets/\${id}\`}
    base=\\"http://localhost\\"
    {...props}
  />
);

"
`;
